{"time":"2026-05-10T20:40:16+02:00","post_email":"joao@email.com","post_senha_len":8,"found_user":true,"found_email":"joao@email.com","stored_hash_preview":"$2y$10$92IXU...","password_verify":"FAIL"}
{"time":"2026-05-10T20:45:13+02:00","post_email":"joao@email.com","post_senha_len":8,"found_user":true,"found_email":"joao@email.com","stored_hash_preview":"$2y$10$Xqnzh...","password_verify":"OK"}
{"time":"2026-05-10T21:07:47+02:00","post_email":"joao@lavanderia.com","post_senha_len":8,"found_user":false,"found_email":null,"stored_hash_preview":null,"password_verify":"FAIL"}
{"time":"2026-05-10T21:08:44+02:00","post_email":"maria@lavanderia.com","post_senha_len":8,"found_user":true,"found_email":"maria@lavanderia.com","stored_hash_preview":"$2y$10$Xqnzh...","password_verify":"OK"}
{"time":"2026-05-10T21:08:51+02:00","post_email":"joao@lavanderia.com","post_senha_len":8,"found_user":false,"found_email":null,"stored_hash_preview":null,"password_verify":"FAIL"}
{"time":"2026-05-10T21:08:57+02:00","post_email":"joao@lavanderia.com","post_senha_len":8,"found_user":false,"found_email":null,"stored_hash_preview":null,"password_verify":"FAIL"}
{"time":"2026-05-10T21:09:05+02:00","post_email":"joao@lavanderia.com","post_senha_len":8,"found_user":false,"found_email":null,"stored_hash_preview":null,"password_verify":"FAIL"}
{"time":"2026-05-10T21:09:08+02:00","post_email":"maria@lavanderia.com","post_senha_len":8,"found_user":true,"found_email":"maria@lavanderia.com","stored_hash_preview":"$2y$10$Xqnzh...","password_verify":"OK"}
{"time":"2026-05-10T21:09:48+02:00","post_email":"mario@lavanderia.com","post_senha_len":8,"found_user":true,"found_email":"mario@lavanderia.com","stored_hash_preview":"$2y$10$Xqnzh...","password_verify":"OK"}
{"time":"2026-05-10T21:10:31+02:00","post_email":"joao@email.com","post_senha_len":8,"found_user":true,"found_email":"joao@email.com","stored_hash_preview":"$2y$10$Xqnzh...","password_verify":"OK"}
{"time":"2026-05-10T21:10:45+02:00","post_email":"dad","post_senha_len":2,"found_user":false,"found_email":null,"stored_hash_preview":null,"password_verify":"FAIL"}
{"time":"2026-05-10T21:10:50+02:00","post_email":"joao@email.com","post_senha_len":8,"found_user":true,"found_email":"joao@email.com","stored_hash_preview":"$2y$10$Xqnzh...","password_verify":"OK"}
{"time":"2026-05-10T21:17:06+02:00","post_email":"ad","post_senha_len":4,"found_user":false,"found_email":null,"stored_hash_preview":null,"password_verify":"FAIL"}
{"time":"2026-05-10T22:54:55+02:00","post_email":"joao@email.com","post_senha_len":8,"found_user":true,"found_email":"joao@email.com","stored_hash_preview":"$2y$10$Xqnzh...","password_verify":"OK"}
{"time":"2026-05-10T23:07:58+02:00","post_email":"mario@lavanderia.com","post_senha_len":8,"found_user":true,"found_email":"mario@lavanderia.com","stored_hash_preview":"$2y$10$Xqnzh...","password_verify":"OK"}
{"time":"2026-05-10T23:18:23+02:00","post_email":"joao@gmail.com","post_senha_len":8,"found_user":false,"found_email":null,"stored_hash_preview":null,"password_verify":"FAIL"}
{"time":"2026-05-10T23:18:35+02:00","post_email":"joao@gmail.com","post_senha_len":8,"found_user":false,"found_email":null,"stored_hash_preview":null,"password_verify":"FAIL"}
{"time":"2026-05-10T23:19:11+02:00","post_email":"joao@email.com","post_senha_len":8,"found_user":true,"found_email":"joao@email.com","stored_hash_preview":"$2y$10$Xqnzh...","password_verify":"OK"}
null
null
null
null
null
null
null
